#separator \x09
#set_separator	,
#empty_field	(empty)
#unset_field	-
#path	ocsp
#open	2026-08-09-20-59-07
#fields	ts	id	hashAlgorithm	issuerNameHash	issuerKeyHash	serialNumber	certStatus	revoketime	revokereason	thisUpdate	nextUpdate
#types	time	string	string	string	string	string	string	time	string	time	time
1713465851.395985	FFf7VQTttIN75UTZ2	sha1	7239BDE83E9709DD71D98312427F1FAE65B0BF6C	C7B29C7F1CE3B85AEFE9681AA85D94C126526A68	3300CCFA6671F5FAC42868F9B5000000CCFA66	good	-	-	1712855482.000000	1713547882.000000
1713466032.826565	FtYAGFUn2OAPBjYG9	sha1	B34FFCEAC1CA8DBE13FD8B8738B023F3D896F3AC	FE09714055051044D8A48175B89E1AE94A0688C8	33002AFDB428C9D831CEDE83FF0000002AFDB4	good	-	-	1713204733.000000	1713897133.000000
1713466033.111388	F9rMUATpDEj6Hd3f	sha1	B34FFCEAC1CA8DBE13FD8B8738B023F3D896F3AC	FE09714055051044D8A48175B89E1AE94A0688C8	33002AFDB428C9D831CEDE83FF0000002AFDB4	good	-	-	1712859132.000000	1713551532.000000
1713466034.706378	FLYD2Q3blLlH9sorwb	sha1	B34FFCEAC1CA8DBE13FD8B8738B023F3D896F3AC	FE09714055051044D8A48175B89E1AE94A0688C8	33002AFDB428C9D831CEDE83FF0000002AFDB4	good	-	-	1712859132.000000	1713551532.000000
1713467271.887335	F3Rbyj3S4EUuuiITvh	sha1	7239BDE83E9709DD71D98312427F1FAE65B0BF6C	C7B29C7F1CE3B85AEFE9681AA85D94C126526A68	3300CCFA6671F5FAC42868F9B5000000CCFA66	good	-	-	1713028282.000000	1713720682.000000
1713467271.922397	FwBAJ81FXfBNastnSc	sha1	7239BDE83E9709DD71D98312427F1FAE65B0BF6C	C7B29C7F1CE3B85AEFE9681AA85D94C126526A68	3300CCFA6671F5FAC42868F9B5000000CCFA66	good	-	-	1713028282.000000	1713720682.000000
1713467272.186692	FfkSkN1JdpVvNneGCk	sha1	7239BDE83E9709DD71D98312427F1FAE65B0BF6C	C7B29C7F1CE3B85AEFE9681AA85D94C126526A68	3300CCFA6671F5FAC42868F9B5000000CCFA66	good	-	-	1712855482.000000	1713547882.000000
1713467273.425615	Fc5lB03WMrdzu3LGoj	sha1	7239BDE83E9709DD71D98312427F1FAE65B0BF6C	C7B29C7F1CE3B85AEFE9681AA85D94C126526A68	3300CCFA6671F5FAC42868F9B5000000CCFA66	good	-	-	1712855482.000000	1713547882.000000
1713467273.563091	FynX4wZHO3s95gxH3	sha1	7239BDE83E9709DD71D98312427F1FAE65B0BF6C	C7B29C7F1CE3B85AEFE9681AA85D94C126526A68	3300CCFA6671F5FAC42868F9B5000000CCFA66	good	-	-	1713028282.000000	1713720682.000000
1713467273.671639	F8nijnra3W5b4A4Pf	sha1	7239BDE83E9709DD71D98312427F1FAE65B0BF6C	C7B29C7F1CE3B85AEFE9681AA85D94C126526A68	3300CCFA6671F5FAC42868F9B5000000CCFA66	good	-	-	1713201082.000000	1713893482.000000
1713467274.231852	FaKy9E2UV8qEuKuY2j	sha1	52FECA108DB4E5AB5268930D27C82FF215E24BB5	00AB91FC216226979AA8791B61419060A96267FD	3300EE9E4ECA19E1F6B632C5FF000000EE9E4E	good	-	-	1713392049.000000	1714084449.000000
1713467274.261567	FUdo4l2UcddW78vyX	sha1	B34FFCEAC1CA8DBE13FD8B8738B023F3D896F3AC	FE09714055051044D8A48175B89E1AE94A0688C8	330034B0C89C7951F5BBC4FC7A00000034B0C8	good	-	-	1713046333.000000	1713738733.000000
1713468388.563264	FFp55M1v7Ri0op90N9	sha1	B34FFCEAC1CA8DBE13FD8B8738B023F3D896F3AC	FE09714055051044D8A48175B89E1AE94A0688C8	33002AFDB428C9D831CEDE83FF0000002AFDB4	good	-	-	1713031933.000000	1713724333.000000
1713468391.983689	FY6obF2qFsAoiAJxs1	sha1	B34FFCEAC1CA8DBE13FD8B8738B023F3D896F3AC	FE09714055051044D8A48175B89E1AE94A0688C8	33002AFDB428C9D831CEDE83FF0000002AFDB4	good	-	-	1712801532.000000	1713493932.000000
1713468395.381545	FY6VFd3Wue3PywFgQj	sha1	B34FFCEAC1CA8DBE13FD8B8738B023F3D896F3AC	FE09714055051044D8A48175B89E1AE94A0688C8	33002AFDB428C9D831CEDE83FF0000002AFDB4	good	-	-	1712801532.000000	1713493932.000000
1713468395.714442	FpjFSa3lk9RpgLnipa	sha1	B34FFCEAC1CA8DBE13FD8B8738B023F3D896F3AC	FE09714055051044D8A48175B89E1AE94A0688C8	33002AFDB428C9D831CEDE83FF0000002AFDB4	good	-	-	1713031933.000000	1713724333.000000
#close	2026-08-09-20-59-08
